This is pdfTeX, Version 3.141592653-2.6-1.40.27 (MiKTeX 25.4) (preloaded format=pdflatex 2026.5.13)  13 MAY 2026 15:59
entering extended mode
 restricted \write18 enabled.
 %&-line parsing enabled.
**"./vertopal.com_Modelo Proyecto CEAPUCV vacio.latex"
(vertopal.com_Modelo Proyecto CEAPUCV vacio.latex
LaTeX2e <2025-11-01>
L3 programming layer <2025-11-06>
(/home/emers/.miktex/texmfs/install/tex/latex/base/article.cls
Document Class: article 2025/01/22 v1.4n Standard LaTeX document class
(/home/emers/.miktex/texmfs/install/tex/latex/base/size10.clo
File: size10.clo 2025/01/22 v1.4n Standard LaTeX file (size option)
)
\c@part=\count275
\c@section=\count276
\c@subsection=\count277
\c@subsubsection=\count278
\c@paragraph=\count279
\c@subparagraph=\count280
\c@figure=\count281
\c@table=\count282
\abovecaptionskip=\skip49
\belowcaptionskip=\skip50
\bibindent=\dimen148
)
(/home/emers/.miktex/texmfs/install/tex/latex/amsmath/amsmath.sty
Package: amsmath 2025/07/09 v2.17z AMS math features
\@mathmargin=\skip51

For additional information on amsmath, use the `?' option.
(/home/emers/.miktex/texmfs/install/tex/latex/amsmath/amstext.sty
Package: amstext 2024/11/17 v2.01 AMS text

(/home/emers/.miktex/texmfs/install/tex/latex/amsmath/amsgen.sty
File: amsgen.sty 1999/11/30 v2.0 generic functions
\@emptytoks=\toks17
\ex@=\dimen149
))
(/home/emers/.miktex/texmfs/install/tex/latex/amsmath/amsbsy.sty
Package: amsbsy 1999/11/29 v1.2d Bold Symbols
\pmbraise@=\dimen150
)
(/home/emers/.miktex/texmfs/install/tex/latex/amsmath/amsopn.sty
Package: amsopn 2022/04/08 v2.04 operator names
)
\inf@bad=\count283
LaTeX Info: Redefining \frac on input line 233.
\uproot@=\count284
\leftroot@=\count285
LaTeX Info: Redefining \overline on input line 398.
LaTeX Info: Redefining \colon on input line 409.
\classnum@=\count286
\DOTSCASE@=\count287
LaTeX Info: Redefining \ldots on input line 495.
LaTeX Info: Redefining \dots on input line 498.
LaTeX Info: Redefining \cdots on input line 619.
\Mathstrutbox@=\box53
\strutbox@=\box54
LaTeX Info: Redefining \big on input line 721.
LaTeX Info: Redefining \Big on input line 722.
LaTeX Info: Redefining \bigg on input line 723.
LaTeX Info: Redefining \Bigg on input line 724.
\big@size=\dimen151
LaTeX Font Info:    Redeclaring font encoding OML on input line 742.
LaTeX Font Info:    Redeclaring font encoding OMS on input line 743.
\macc@depth=\count288
LaTeX Info: Redefining \bmod on input line 904.
LaTeX Info: Redefining \pmod on input line 909.
LaTeX Info: Redefining \smash on input line 939.
LaTeX Info: Redefining \relbar on input line 969.
LaTeX Info: Redefining \Relbar on input line 970.
\c@MaxMatrixCols=\count289
\dotsspace@=\muskip17
\c@parentequation=\count290
\dspbrk@lvl=\count291
\tag@help=\toks18
\row@=\count292
\column@=\count293
\maxfields@=\count294
\andhelp@=\toks19
\eqnshift@=\dimen152
\alignsep@=\dimen153
\tagshift@=\dimen154
\tagwidth@=\dimen155
\totwidth@=\dimen156
\lineht@=\dimen157
\@envbody=\toks20
\multlinegap=\skip52
\multlinetaggap=\skip53
\mathdisplay@stack=\toks21
LaTeX Info: Redefining \[ on input line 2950.
LaTeX Info: Redefining \] on input line 2951.
)
(/home/emers/.miktex/texmfs/install/tex/latex/amsfonts/amssymb.sty
Package: amssymb 2013/01/14 v3.01 AMS font symbols

(/home/emers/.miktex/texmfs/install/tex/latex/amsfonts/amsfonts.sty
Package: amsfonts 2013/01/14 v3.01 Basic AMSFonts support
\symAMSa=\mathgroup4
\symAMSb=\mathgroup5
LaTeX Font Info:    Redeclaring math symbol \hbar on input line 98.
LaTeX Font Info:    Overwriting math alphabet `\mathfrak' in version `bold'
(Font)                  U/euf/m/n --> U/euf/b/n on input line 106.
))
(/home/emers/.miktex/texmfs/install/tex/latex/lm/lmodern.sty
Package: lmodern 2015/05/01 v1.6.1 Latin Modern Fonts
LaTeX Font Info:    Overwriting symbol font `operators' in version `normal'
(Font)                  OT1/cmr/m/n --> OT1/lmr/m/n on input line 22.
LaTeX Font Info:    Overwriting symbol font `letters' in version `normal'
(Font)                  OML/cmm/m/it --> OML/lmm/m/it on input line 23.
LaTeX Font Info:    Overwriting symbol font `symbols' in version `normal'
(Font)                  OMS/cmsy/m/n --> OMS/lmsy/m/n on input line 24.
LaTeX Font Info:    Overwriting symbol font `largesymbols' in version `normal'
(Font)                  OMX/cmex/m/n --> OMX/lmex/m/n on input line 25.
LaTeX Font Info:    Overwriting symbol font `operators' in version `bold'
(Font)                  OT1/cmr/bx/n --> OT1/lmr/bx/n on input line 26.
LaTeX Font Info:    Overwriting symbol font `letters' in version `bold'
(Font)                  OML/cmm/b/it --> OML/lmm/b/it on input line 27.
LaTeX Font Info:    Overwriting symbol font `symbols' in version `bold'
(Font)                  OMS/cmsy/b/n --> OMS/lmsy/b/n on input line 28.
LaTeX Font Info:    Overwriting symbol font `largesymbols' in version `bold'
(Font)                  OMX/cmex/m/n --> OMX/lmex/m/n on input line 29.
LaTeX Font Info:    Overwriting math alphabet `\mathbf' in version `normal'
(Font)                  OT1/cmr/bx/n --> OT1/lmr/bx/n on input line 31.
LaTeX Font Info:    Overwriting math alphabet `\mathsf' in version `normal'
(Font)                  OT1/cmss/m/n --> OT1/lmss/m/n on input line 32.
LaTeX Font Info:    Overwriting math alphabet `\mathit' in version `normal'
(Font)                  OT1/cmr/m/it --> OT1/lmr/m/it on input line 33.
LaTeX Font Info:    Overwriting math alphabet `\mathtt' in version `normal'
(Font)                  OT1/cmtt/m/n --> OT1/lmtt/m/n on input line 34.
LaTeX Font Info:    Overwriting math alphabet `\mathbf' in version `bold'
(Font)                  OT1/cmr/bx/n --> OT1/lmr/bx/n on input line 35.
LaTeX Font Info:    Overwriting math alphabet `\mathsf' in version `bold'
(Font)                  OT1/cmss/bx/n --> OT1/lmss/bx/n on input line 36.
LaTeX Font Info:    Overwriting math alphabet `\mathit' in version `bold'
(Font)                  OT1/cmr/bx/it --> OT1/lmr/bx/it on input line 37.
LaTeX Font Info:    Overwriting math alphabet `\mathtt' in version `bold'
(Font)                  OT1/cmtt/m/n --> OT1/lmtt/m/n on input line 38.
)
(/home/emers/.miktex/texmfs/install/tex/generic/iftex/iftex.sty
Package: iftex 2024/12/12 v1.0g TeX engine tests
)
(/home/emers/.miktex/texmfs/install/tex/latex/base/fontenc.sty
Package: fontenc 2025/07/18 v2.1d Standard LaTeX package
LaTeX Font Info:    Trying to load font information for T1+lmr on input line 11
6.

(/home/emers/.miktex/texmfs/install/tex/latex/lm/t1lmr.fd
File: t1lmr.fd 2015/05/01 v1.6.1 Font defs for Latin Modern
))
(/home/emers/.miktex/texmfs/install/tex/latex/base/inputenc.sty
Package: inputenc 2024/02/08 v1.3d Input encoding file
\inpenc@prehook=\toks22
\inpenc@posthook=\toks23
)
(/home/emers/.miktex/texmfs/install/tex/latex/base/textcomp.sty
Package: textcomp 2024/04/24 v2.1b Standard LaTeX package
)
(/home/emers/.miktex/texmfs/install/tex/latex/upquote/upquote.sty
Package: upquote 2012/04/19 v1.3 upright-quote and grave-accent glyphs in verba
tim
)
(/home/emers/.miktex/texmfs/install/tex/latex/microtype/microtype.sty
Package: microtype 2026/03/01 v3.2d Micro-typographical refinements (RS)

(/home/emers/.miktex/texmfs/install/tex/latex/graphics/keyval.sty
Package: keyval 2022/05/29 v1.15 key=value parser (DPC)
\KV@toks@=\toks24
)
(/home/emers/.miktex/texmfs/install/tex/latex/etoolbox/etoolbox.sty
Package: etoolbox 2025/10/02 v2.5m e-TeX tools for LaTeX (JAW)
\etb@tempcnta=\count295
)
\MT@toks=\toks25
\MT@tempbox=\box55
\MT@count=\count296
LaTeX Info: Redefining \noprotrusionifhmode on input line 1084.
LaTeX Info: Redefining \leftprotrusion on input line 1085.
\MT@prot@toks=\toks26
LaTeX Info: Redefining \rightprotrusion on input line 1104.
LaTeX Info: Redefining \textls on input line 1449.
\MT@outer@kern=\dimen158
LaTeX Info: Redefining \microtypecontext on input line 2053.
LaTeX Info: Redefining \textmicrotypecontext on input line 2070.
\MT@listname@count=\count297

(/home/emers/.miktex/texmfs/install/tex/latex/microtype/microtype-pdftex.def
File: microtype-pdftex.def 2026/03/01 v3.2d Definitions specific to pdftex (RS)

LaTeX Info: Redefining \lsstyle on input line 944.
LaTeX Info: Redefining \lslig on input line 944.
\MT@outer@space=\skip54
)
Package microtype Info: Loading configuration file microtype.cfg.

(/home/emers/.miktex/texmfs/install/tex/latex/microtype/microtype.cfg
File: microtype.cfg 2026/03/01 v3.2d microtype main configuration file (RS)
)
LaTeX Info: Redefining \microtypesetup on input line 3065.
)
(/home/emers/.miktex/texmfs/install/tex/latex/parskip/parskip.sty
Package: parskip 2021-03-14 v2.0h non-zero parskip adjustments

(/home/emers/.miktex/texmfs/install/tex/latex/kvoptions/kvoptions.sty
Package: kvoptions 2022-06-15 v3.15 Key value format for package options (HO)

(/home/emers/.miktex/texmfs/install/tex/generic/ltxcmds/ltxcmds.sty
Package: ltxcmds 2023-12-04 v1.26 LaTeX kernel commands for general use (HO)
)
(/home/emers/.miktex/texmfs/install/tex/latex/kvsetkeys/kvsetkeys.sty
Package: kvsetkeys 2022-10-05 v1.19 Key value parser (HO)
)))
(/home/emers/.miktex/texmfs/install/tex/latex/xcolor/xcolor.sty
Package: xcolor 2024/09/29 v3.02 LaTeX color extensions (UK)

(/home/emers/.miktex/texmfs/install/tex/latex/graphics-cfg/color.cfg
File: color.cfg 2016/01/02 v1.6 sample color configuration
)
Package xcolor Info: Driver file: pdftex.def on input line 274.

(/home/emers/.miktex/texmfs/install/tex/latex/graphics-def/pdftex.def
File: pdftex.def 2025/09/29 v1.2d Graphics/color driver for pdftex
)
(/home/emers/.miktex/texmfs/install/tex/latex/graphics/mathcolor.ltx)
Package xcolor Info: Model `cmy' substituted by `cmy0' on input line 1349.
Package xcolor Info: Model `hsb' substituted by `rgb' on input line 1353.
Package xcolor Info: Model `RGB' extended on input line 1365.
Package xcolor Info: Model `HTML' substituted by `rgb' on input line 1367.
Package xcolor Info: Model `Hsb' substituted by `hsb' on input line 1368.
Package xcolor Info: Model `tHsb' substituted by `hsb' on input line 1369.
Package xcolor Info: Model `HSB' substituted by `hsb' on input line 1370.
Package xcolor Info: Model `Gray' substituted by `gray' on input line 1371.
Package xcolor Info: Model `wave' substituted by `hsb' on input line 1372.
)
(/home/emers/.miktex/texmfs/install/tex/latex/tools/longtable.sty
Package: longtable 2025-10-13 v4.24 Multi-page Table package (DPC)
\LTleft=\skip55
\LTright=\skip56
\LTpre=\skip57
\LTpost=\skip58
\LTchunksize=\count298
\LTcapwidth=\dimen159
\LT@head=\box56
\LT@firsthead=\box57
\LT@foot=\box58
\LT@lastfoot=\box59
\LT@gbox=\box60
\LT@cols=\count299
\LT@rows=\count300
\c@LT@tables=\count301
\c@LT@chunks=\count302
\LT@p@ftn=\toks27
)
(/home/emers/.miktex/texmfs/install/tex/latex/booktabs/booktabs.sty
Package: booktabs 2020/01/12 v1.61803398 Publication quality tables
\heavyrulewidth=\dimen160
\lightrulewidth=\dimen161
\cmidrulewidth=\dimen162
\belowrulesep=\dimen163
\belowbottomsep=\dimen164
\aboverulesep=\dimen165
\abovetopsep=\dimen166
\cmidrulesep=\dimen167
\cmidrulekern=\dimen168
\defaultaddspace=\dimen169
\@cmidla=\count303
\@cmidlb=\count304
\@aboverulesep=\dimen170
\@belowrulesep=\dimen171
\@thisruleclass=\count305
\@lastruleclass=\count306
\@thisrulewidth=\dimen172
)
(/home/emers/.miktex/texmfs/install/tex/latex/tools/array.sty
Package: array 2025/09/25 v2.6n Tabular extension package (FMi)
\col@sep=\dimen173
\ar@mcellbox=\box61
\extrarowheight=\dimen174
\NC@list=\toks28
\extratabsurround=\skip59
\backup@length=\skip60
\ar@cellbox=\box62
)
(/home/emers/.miktex/texmfs/install/tex/latex/multirow/multirow.sty
Package: multirow 2024/11/12 v2.9 Span multiple rows of a table
\multirow@colwidth=\skip61
\multirow@cntb=\count307
\multirow@dima=\skip62
\bigstrutjot=\dimen175
)
(/home/emers/.miktex/texmfs/install/tex/latex/tools/calc.sty
Package: calc 2025/03/01 v4.3b Infix arithmetic (KKT,FJ)
\calc@Acount=\count308
\calc@Bcount=\count309
\calc@Adimen=\dimen176
\calc@Bdimen=\dimen177
\calc@Askip=\skip63
\calc@Bskip=\skip64
LaTeX Info: Redefining \setlength on input line 86.
LaTeX Info: Redefining \addtolength on input line 87.
\calc@Ccount=\count310
\calc@Cskip=\skip65
)
(/home/emers/.miktex/texmfs/install/tex/latex/footnotehyper/footnotehyper.sty
Package: footnotehyper 2025/11/15 v1.1f hyperref aware footnote.sty (JFB)
\FNH@notes=\box63
\FNH@width=\dimen178
\FNH@toks=\toks29
)
(/home/emers/.miktex/texmfs/install/tex/latex/ulem/ulem.sty
\UL@box=\box64
\UL@hyphenbox=\box65
\UL@skip=\skip66
\UL@hook=\toks30
\UL@height=\dimen179
\UL@pe=\count311
\UL@pixel=\dimen180
\ULC@box=\box66
Package: ulem 2019/11/18
\ULdepth=\dimen181
)
(/home/emers/.miktex/texmfs/install/tex/latex/bookmark/bookmark.sty
Package: bookmark 2023-12-10 v1.31 PDF bookmarks (HO)

(/home/emers/.miktex/texmfs/install/tex/latex/hyperref/hyperref.sty
Package: hyperref 2026-01-29 v7.01p Hypertext links for LaTeX

(/home/emers/.miktex/texmfs/install/tex/generic/kvdefinekeys/kvdefinekeys.sty
Package: kvdefinekeys 2019-12-19 v1.6 Define keys (HO)
)
(/home/emers/.miktex/texmfs/install/tex/generic/pdfescape/pdfescape.sty
Package: pdfescape 2019/12/09 v1.15 Implements pdfTeX's escape features (HO)

(/home/emers/.miktex/texmfs/install/tex/generic/pdftexcmds/pdftexcmds.sty
Package: pdftexcmds 2020-06-27 v0.33 Utility functions of pdfTeX for LuaTeX (HO
)

(/home/emers/.miktex/texmfs/install/tex/generic/infwarerr/infwarerr.sty
Package: infwarerr 2019/12/03 v1.5 Providing info/warning/error messages (HO)
)
Package pdftexcmds Info: \pdf@primitive is available.
Package pdftexcmds Info: \pdf@ifprimitive is available.
Package pdftexcmds Info: \pdfdraftmode found.
))
(/home/emers/.miktex/texmfs/install/tex/latex/hycolor/hycolor.sty
Package: hycolor 2020-01-27 v1.10 Color options for hyperref/bookmark (HO)
)
(/home/emers/.miktex/texmfs/install/tex/latex/hyperref/nameref.sty
Package: nameref 2026-01-29 v2.58 Cross-referencing by name of section

(/home/emers/.miktex/texmfs/install/tex/latex/refcount/refcount.sty
Package: refcount 2019/12/15 v3.6 Data extraction from label references (HO)
)
(/home/emers/.miktex/texmfs/install/tex/generic/gettitlestring/gettitlestring.s
ty
Package: gettitlestring 2019/12/15 v1.6 Cleanup title references (HO)
)
\c@section@level=\count312
) (/home/emers/.miktex/texmfs/install/tex/generic/stringenc/stringenc.sty
Package: stringenc 2019/11/29 v1.12 Convert strings between diff. encodings (HO
)
)
\@linkdim=\dimen182
\Hy@linkcounter=\count313
\Hy@pagecounter=\count314

(/home/emers/.miktex/texmfs/install/tex/latex/hyperref/pd1enc.def
File: pd1enc.def 2026-01-29 v7.01p Hyperref: PDFDocEncoding definition (HO)
Now handling font encoding PD1 ...
... no UTF-8 mapping file for font encoding PD1
)
(/home/emers/.miktex/texmfs/install/tex/generic/intcalc/intcalc.sty
Package: intcalc 2019/12/15 v1.3 Expandable calculations with integers (HO)
)
\Hy@SavedSpaceFactor=\count315

(/home/emers/.miktex/texmfs/install/tex/latex/hyperref/puenc.def
File: puenc.def 2026-01-29 v7.01p Hyperref: PDF Unicode definition (HO)
Now handling font encoding PU ...
... no UTF-8 mapping file for font encoding PU
)
Package hyperref Info: Option `unicode' set `true' on input line 4072.
Package hyperref Info: Hyper figures OFF on input line 4201.
Package hyperref Info: Link nesting OFF on input line 4206.
Package hyperref Info: Hyper index ON on input line 4209.
Package hyperref Info: Plain pages OFF on input line 4216.
Package hyperref Info: Backreferencing OFF on input line 4221.
Package hyperref Info: Implicit mode ON; LaTeX internals redefined.
Package hyperref Info: Bookmarks ON on input line 4468.
\c@Hy@tempcnt=\count316

(/home/emers/.miktex/texmfs/install/tex/latex/url/url.sty
\Urlmuskip=\muskip18
Package: url 2013/09/16  ver 3.4  Verb mode for urls, etc.
)
LaTeX Info: Redefining \url on input line 4807.
\XeTeXLinkMargin=\dimen183

(/home/emers/.miktex/texmfs/install/tex/generic/bitset/bitset.sty
Package: bitset 2019/12/09 v1.3 Handle bit-vector datatype (HO)

(/home/emers/.miktex/texmfs/install/tex/generic/bigintcalc/bigintcalc.sty
Package: bigintcalc 2019/12/15 v1.5 Expandable calculations on big integers (HO
)
))
\Fld@menulength=\count317
\Field@Width=\dimen184
\Fld@charsize=\dimen185
Package hyperref Info: Hyper figures OFF on input line 6084.
Package hyperref Info: Link nesting OFF on input line 6089.
Package hyperref Info: Hyper index ON on input line 6092.
Package hyperref Info: backreferencing OFF on input line 6099.
Package hyperref Info: Link coloring OFF on input line 6104.
Package hyperref Info: Link coloring with OCG OFF on input line 6109.
Package hyperref Info: PDF/A mode OFF on input line 6114.
\Hy@abspage=\count318
\c@Item=\count319
\c@Hfootnote=\count320
)
Package hyperref Info: Driver (autodetected): hpdftex.

(/home/emers/.miktex/texmfs/install/tex/latex/hyperref/hpdftex.def
File: hpdftex.def 2026-01-29 v7.01p Hyperref driver for pdfTeX
\Fld@listcount=\count321
\c@bookmark@seq@number=\count322

(/home/emers/.miktex/texmfs/install/tex/latex/rerunfilecheck/rerunfilecheck.sty
Package: rerunfilecheck 2025-06-21 v1.11 Rerun checks for auxiliary files (HO)

(/home/emers/.miktex/texmfs/install/tex/generic/uniquecounter/uniquecounter.sty
Package: uniquecounter 2019/12/15 v1.4 Provide unlimited unique counter (HO)
)
Package uniquecounter Info: New unique counter `rerunfilecheck' on input line 2
84.
)
\Hy@SectionHShift=\skip67
) (/home/emers/.miktex/texmfs/install/tex/latex/bookmark/bkm-pdftex.def
File: bkm-pdftex.def 2023-12-10 v1.31 bookmark driver for pdfTeX and luaTeX (HO
)
\BKM@id=\count323
))
(/home/emers/.miktex/texmfs/install/tex/latex/xurl/xurl.sty
Package: xurl 2022/01/09 v 0.10 modify URL breaks
)
(/home/emers/.miktex/texmfs/install/tex/latex/l3backend/l3backend-pdftex.def
File: l3backend-pdftex.def 2025-10-09 L3 backend support: PDF output (pdfTeX)
\l__color_backend_stack_int=\count324
)
No file "vertopal.com_Modelo Proyecto CEAPUCV vacio".aux.
\openout1 = `"vertopal.com_Modelo Proyecto CEAPUCV vacio.aux"'.

LaTeX Font Info:    Checking defaults for OML/cmm/m/it on input line 65.
LaTeX Font Info:    ... okay on input line 65.
LaTeX Font Info:    Checking defaults for OMS/cmsy/m/n on input line 65.
LaTeX Font Info:    ... okay on input line 65.
LaTeX Font Info:    Checking defaults for OT1/cmr/m/n on input line 65.
LaTeX Font Info:    ... okay on input line 65.
LaTeX Font Info:    Checking defaults for T1/cmr/m/n on input line 65.
LaTeX Font Info:    ... okay on input line 65.
LaTeX Font Info:    Checking defaults for TS1/cmr/m/n on input line 65.
LaTeX Font Info:    ... okay on input line 65.
LaTeX Font Info:    Checking defaults for OMX/cmex/m/n on input line 65.
LaTeX Font Info:    ... okay on input line 65.
LaTeX Font Info:    Checking defaults for U/cmr/m/n on input line 65.
LaTeX Font Info:    ... okay on input line 65.
LaTeX Font Info:    Checking defaults for PD1/pdf/m/n on input line 65.
LaTeX Font Info:    ... okay on input line 65.
LaTeX Font Info:    Checking defaults for PU/pdf/m/n on input line 65.
LaTeX Font Info:    ... okay on input line 65.
LaTeX Info: Redefining \microtypecontext on input line 65.
Package microtype Info: Applying patch `item' on input line 65.
Package microtype Info: Applying patch `toc' on input line 65.
Package microtype Info: Applying patch `eqnum' on input line 65.
Package microtype Info: Applying patch `footnote' on input line 65.
Package microtype Info: Applying patch `verbatim' on input line 65.
LaTeX Info: Redefining \microtypesetup on input line 65.
Package microtype Info: Generating PDF output.
Package microtype Info: Character protrusion enabled (level 2).
Package microtype Info: Using protrusion set `basicmath'.
Package microtype Info: Automatic font expansion enabled (level 2),
(microtype)             stretch: 20, shrink: 20, step: 1, non-selected.
Package microtype Info: Using default expansion set `alltext-nott'.
Package microtype Info: Patching command `\showhyphens'.
Package microtype Info: No adjustment of tracking.
Package microtype Info: No adjustment of interword spacing.
Package microtype Info: No adjustment of character kerning.
(/home/emers/.miktex/texmfs/install/tex/latex/microtype/mt-cmr.cfg
File: mt-cmr.cfg 2013/05/19 v2.2 microtype config. file: Computer Modern Roman 
(RS)
)
(/home/emers/.miktex/texmfs/install/tex/context/base/mkii/supp-pdf.mkii
[Loading MPS to PDF converter (version 2006.09.02).]
\scratchcounter=\count325
\scratchdimen=\dimen186
\scratchbox=\box67
\nofMPsegments=\count326
\nofMParguments=\count327
\everyMPshowfont=\toks31
\MPscratchCnt=\count328
\MPscratchDim=\dimen187
\MPnumerator=\count329
\makeMPintoPDFobject=\count330
\everyMPtoPDFconversion=\toks32
)
Package hyperref Info: Link coloring OFF on input line 65.

Overfull \hbox (24.30115pt too wide) in paragraph at lines 114--114
[]|\T1/lmr/bx/n/10 (-20) APELLIDOS 
 []


Overfull \hbox (17.59157pt too wide) in paragraph at lines 114--114
\T1/lmr/bx/n/10 (-20) NOMBRES|  
 []

LaTeX Font Info:    Trying to load font information for TS1+lmr on input line 1
16.
(/home/emers/.miktex/texmfs/install/tex/latex/lm/ts1lmr.fd
File: ts1lmr.fd 2015/05/01 v1.6.1 Font defs for Latin Modern
)
Overfull \hbox (13.58633pt too wide) in paragraph at lines 118--118
[]|\T1/lmr/bx/n/10 (-20) ESCUELA|  
 []


Overfull \hbox (3.34041pt too wide) in paragraph at lines 158--158
[]|\T1/lmr/bx/n/10 (-20) TÍTULO 
 []


Overfull \hbox (23.82591pt too wide) in paragraph at lines 158--158
\T1/lmr/bx/n/10 (-20) PROYECTO  
 []


Overfull \hbox (34.02615pt too wide) in paragraph at lines 167--167
[]|\T1/lmr/bx/n/10 (-20) COMUNIDAD 
 []


Overfull \hbox (44.66249pt too wide) in paragraph at lines 167--167
\T1/lmr/bx/n/10 (-20) BENEFICIARIA  
 []


Overfull \hbox (5.49008pt too wide) in paragraph at lines 167--167
[]\T1/lmr/m/n/10 (-20) (Identificar 
 []


Overfull \hbox (6.0156pt too wide) in paragraph at lines 167--167
\T1/lmr/m/n/10 (-20) comunidad 
 []


Overfull \hbox (5.77687pt too wide) in paragraph at lines 167--167
\T1/lmr/m/n/10 (-20) geográfica)|  
 []


Overfull \hbox (220.5957pt too wide) in paragraph at lines 175--175
[]|[]|  
 []


Overfull \hbox (17.64963pt too wide) in paragraph at lines 177--177
[]|\T1/lmr/m/n/10 (-20) Ambiental|  
 []


Overfull \hbox (3.69702pt too wide) in paragraph at lines 181--181
[]|\T1/lmr/m/n/10 (-20) Apoyo 
 []


Overfull \hbox (25.64784pt too wide) in paragraph at lines 181--181
\T1/lmr/m/n/10 (-20) Tecnológico|  
 []


Overfull \hbox (3.33977pt too wide) in paragraph at lines 185--185
[]|\T1/lmr/m/n/10 (-20) X|  
 []


Overfull \hbox (37.64862pt too wide) in paragraph at lines 187--187
[]|\T1/lmr/m/n/10 (-20) Infraestructura|  
 []


Overfull \hbox (3.53844pt too wide) in paragraph at lines 187--187
[]|\T1/lmr/m/n/10 (-20) X|  
 []


Overfull \hbox (20.26903pt too wide) in paragraph at lines 190--190
[]|\T1/lmr/m/n/10 (-20) Prevención 
 []


Overfull \hbox (26.86194pt too wide) in paragraph at lines 190--190
\T1/lmr/m/n/10 (-20) Emergencias|  
 []


Overfull \hbox (18.70168pt too wide) in paragraph at lines 194--194
[]|\T1/lmr/m/n/10 (-20) Seguridad 
 []


Overfull \hbox (8.05803pt too wide) in paragraph at lines 194--194
\T1/lmr/m/n/10 (-20) Higiene|  
 []


Overfull \hbox (17.18288pt too wide) in paragraph at lines 202--202
[]|\T1/lmr/bx/n/10 (-20) RESUMEN 
 []


Overfull \hbox (23.82591pt too wide) in paragraph at lines 202--202
\T1/lmr/bx/n/10 (-20) PROYECTO|  
 []


Overfull \hbox (20.33961pt too wide) in paragraph at lines 212--212
[]|\T1/lmr/bx/n/10 (-20) Justificación|  
 []


Overfull \hbox (1.90471pt too wide) in paragraph at lines 224--224
[]|\T1/lmr/bx/n/10 (-20) Objetivo 
 []


Overfull \hbox (6.34999pt too wide) in paragraph at lines 231--231
[]|\T1/lmr/bx/n/10 (-20) Objetivos 
 []


Overfull \hbox (10.31844pt too wide) in paragraph at lines 231--231
\T1/lmr/bx/n/10 (-20) específicos|  
 []


Overfull \hbox (21.41011pt too wide) in paragraph at lines 255--255
[]|\T1/lmr/bx/n/10 (-20) Limitaciones 
 []


Overfull \hbox (17.12207pt too wide) in paragraph at lines 267--267
[]|\T1/lmr/bx/n/10 (-20) Descripción 
 []


Overfull \hbox (2.9528pt too wide) in paragraph at lines 267--267
\T1/lmr/bx/n/10 (-20) Proyecto|  
 []


Overfull \hbox (17.12207pt too wide) in paragraph at lines 285--285
[]|\T1/lmr/bx/n/10 (-20) Descripción 
 []


Overfull \hbox (15.97217pt too wide) in paragraph at lines 285--285
\T1/lmr/bx/n/10 (-20) Comunidad  
 []


Overfull \hbox (3.29784pt too wide) in paragraph at lines 285--285
\T1/lmr/m/n/10 (-20) geográfica, 
 []


Overfull \hbox (7.69693pt too wide) in paragraph at lines 285--285
\T1/lmr/m/n/10 (-20) integrantes, 
 []


Overfull \hbox (7.19783pt too wide) in paragraph at lines 285--285
\T1/lmr/m/n/10 (-20) descripción 
 []


Overfull \hbox (16.88455pt too wide) in paragraph at lines 297--297
[]|\T1/lmr/bx/n/10 (-20) Actividades 
 []


Overfull \hbox (10.16165pt too wide) in paragraph at lines 297--297
\T1/lmr/bx/n/10 (-20) específicas 
 []


Overfull \hbox (10.08627pt too wide) in paragraph at lines 297--297
\T1/lmr/bx/n/10 (-20) estudiante  
 []


Overfull \hbox (7.16536pt too wide) in paragraph at lines 297--297
\T1/lmr/m/n/10 (-20) actividades 
 []


Overfull \hbox (3.41414pt too wide) in paragraph at lines 297--297
\T1/lmr/m/n/10 (-20) específicos 
 []


Overfull \hbox (1.69295pt too wide) in paragraph at lines 297--297
\T1/lmr/m/n/10 (-20) formación 
 []


Overfull \hbox (21.86938pt too wide) in paragraph at lines 309--309
[]|[]|  
 []


Overfull \hbox (60.60097pt too wide) in paragraph at lines 324--324
[]|[]|  
 []


Overfull \hbox (9.6696pt too wide) in paragraph at lines 338--338
\T1/lmr/m/n/10 (-20) relacionarse 
 []


Overfull \hbox (3.41414pt too wide) in paragraph at lines 338--338
\T1/lmr/m/n/10 (-20) específicos 
 []


Overfull \hbox (7.46442pt too wide) in paragraph at lines 338--338
\T1/lmr/m/n/10 (-20) indicadores 
 []


Overfull \hbox (10.08627pt too wide) in paragraph at lines 347--347
\T1/lmr/bx/n/10 (-20) estudiante|  
 []


Overfull \hbox (17.29807pt too wide) in paragraph at lines 360--360
[]|\T1/lmr/bx/n/10 (-20) Vinculación 
 []


Overfull \hbox (15.97217pt too wide) in paragraph at lines 360--360
\T1/lmr/bx/n/10 (-20) Comunidad  
 []


Overfull \hbox (9.75214pt too wide) in paragraph at lines 360--360
[]\T1/lmr/m/n/10 (-20) (Estrategias 
 []


Overfull \hbox (7.39511pt too wide) in paragraph at lines 360--360
\T1/lmr/m/n/10 (-20) vinculación 
 []


Overfull \hbox (6.0156pt too wide) in paragraph at lines 360--360
\T1/lmr/m/n/10 (-20) comunidad 
 []


Overfull \hbox (8.50441pt too wide) in paragraph at lines 360--360
\T1/lmr/m/n/10 (-20) aprendizaje 
 []


Overfull \hbox (7.58038pt too wide) in paragraph at lines 369--369
[]|\T1/lmr/bx/n/10 (-20) Magnitud 
 []


Overfull \hbox (2.9528pt too wide) in paragraph at lines 369--369
\T1/lmr/bx/n/10 (-20) Proyecto  
 []


Overfull \hbox (1.27594pt too wide) in paragraph at lines 369--369
\T1/lmr/m/n/10 (-20) establecer 
 []


Overfull \hbox (9.54929pt too wide) in paragraph at lines 369--369
\T1/lmr/m/n/10 (-20) continuidad 
 []


Overfull \hbox (24.40303pt too wide) in paragraph at lines 379--379
[]|\T1/lmr/bx/n/10 (-20) Participación 
 []


Overfull \hbox (7.21387pt too wide) in paragraph at lines 379--379
\T1/lmr/bx/n/10 (-20) miembros 
 []


Overfull \hbox (12.84106pt too wide) in paragraph at lines 379--379
\T1/lmr/bx/n/10 (-20) comunidad  
 []


Overfull \hbox (7.16536pt too wide) in paragraph at lines 379--379
\T1/lmr/m/n/10 (-20) actividades 
 []


Overfull \hbox (6.0156pt too wide) in paragraph at lines 379--379
\T1/lmr/m/n/10 (-20) comunidad 
 []


Overfull \hbox (1.44878pt too wide) in paragraph at lines 379--379
\T1/lmr/m/n/10 (-20) objetivos)|  
 []


Overfull \hbox (17.59157pt too wide) in paragraph at lines 392--392
[]|\T1/lmr/bx/n/10 (-20) NOMBRES 
 []


Overfull \hbox (24.30115pt too wide) in paragraph at lines 392--392
\T1/lmr/bx/n/10 (-20) APELLIDOS|  
 []


Overfull \hbox (12.65039pt too wide) in paragraph at lines 396--396
[]|\T1/lmr/bx/n/10 (-20) ESCUELA|  
 []


Overfull \hbox (56.90947pt too wide) in paragraph at lines 400--400
[]|\T1/lmr/bx/n/10 (-20) DEPARTAMENTO|  
 []


Overfull \hbox (26.08466pt too wide) in paragraph at lines 404--404
[]|\T1/lmr/bx/n/10 (-20) DIRECCIÓN 
 []


Overfull \hbox (9.05672pt too wide) in paragraph at lines 404--404
\T1/lmr/bx/n/10 (-20) OFICINA|  
 []


Overfull \hbox (21.42342pt too wide) in paragraph at lines 408--408
[]|\T1/lmr/bx/n/10 (-20) TELÉFONO 
 []


Overfull \hbox (9.05672pt too wide) in paragraph at lines 408--408
\T1/lmr/bx/n/10 (-20) OFICINA|  
 []


Overfull \hbox (8.85341pt too wide) in paragraph at lines 412--412
[]|\T1/lmr/bx/n/10 (-20) CORREO 
 []


Overfull \hbox (43.33812pt too wide) in paragraph at lines 412--412
\T1/lmr/bx/n/10 (-20) ELECTRÓNICO|  
 []


Overfull \hbox (17.59157pt too wide) in paragraph at lines 424--424
[]|\T1/lmr/bx/n/10 (-20) NOMBRES 
 []


Overfull \hbox (24.30115pt too wide) in paragraph at lines 424--424
\T1/lmr/bx/n/10 (-20) APELLIDOS|  
 []


Overfull \hbox (12.65039pt too wide) in paragraph at lines 428--428
[]|\T1/lmr/bx/n/10 (-20) ESCUELA|  
 []


Overfull \hbox (56.90947pt too wide) in paragraph at lines 432--432
[]|\T1/lmr/bx/n/10 (-20) DEPARTAMENTO|  
 []


Overfull \hbox (26.08466pt too wide) in paragraph at lines 436--436
[]|\T1/lmr/bx/n/10 (-20) DIRECCIÓN 
 []


Overfull \hbox (9.05672pt too wide) in paragraph at lines 436--436
\T1/lmr/bx/n/10 (-20) OFICINA|  
 []


Overfull \hbox (21.42342pt too wide) in paragraph at lines 440--440
[]|\T1/lmr/bx/n/10 (-20) TELÉFONO 
 []


Overfull \hbox (9.05672pt too wide) in paragraph at lines 440--440
\T1/lmr/bx/n/10 (-20) OFICINA|  
 []


Overfull \hbox (8.85341pt too wide) in paragraph at lines 444--444
[]|\T1/lmr/bx/n/10 (-20) CORREO 
 []


Overfull \hbox (43.33812pt too wide) in paragraph at lines 444--444
\T1/lmr/bx/n/10 (-20) ELECTRÓNICO|  
 []


Overfull \hbox (29.79024pt too wide) in paragraph at lines 457--457
[]|\T1/lmr/bx/n/10 (-20) NOMBRES 
 []


Overfull \hbox (36.49982pt too wide) in paragraph at lines 457--457
\T1/lmr/bx/n/10 (-20) APELLIDOS|  
 []


Overfull \hbox (49.349pt too wide) in paragraph at lines 460--460
[]|\T1/lmr/bx/n/10 (-20) INSTITUCIÓN|  
 []


Overfull \hbox (13.7908pt too wide) in paragraph at lines 463--463
[]|\T1/lmr/bx/n/10 (-20) CARGO|  
 []


Overfull \hbox (38.28333pt too wide) in paragraph at lines 466--466
[]|\T1/lmr/bx/n/10 (-20) DIRECCIÓN|  
 []


Overfull \hbox (39.88332pt too wide) in paragraph at lines 469--469
[]|\T1/lmr/bx/n/10 (-20) TELÉFONOS|  
 []


Overfull \hbox (21.05208pt too wide) in paragraph at lines 472--472
[]|\T1/lmr/bx/n/10 (-20) CORREO 
 []


Overfull \hbox (55.53679pt too wide) in paragraph at lines 472--472
\T1/lmr/bx/n/10 (-20) ELECTRÓNICO|  
 []


Overfull \hbox (17.30312pt too wide) in paragraph at lines 477--477
[]|\T1/lmr/bx/n/10 (-20) FIRMA|  
 []


Overfull \hbox (56.53638pt too wide) in paragraph at lines 481--481
[]|[]|  
 []


Package longtable Warning: Column widths have changed
(longtable)                in table 1 on input line 490.

ignored error: Infinite glue shrinkage found in box being split [1

{/home/emers/.miktex/texmfs/data/fonts/map/pdftex/pdftex.map}{/home/emers/.mikt
ex/texmfs/install/fonts/enc/dvips/lm/lm-ec.enc}{/home/emers/.miktex/texmfs/inst
all/fonts/enc/dvips/lm/lm-ts1.enc}]
ignored error: Infinite glue shrinkage found in box being split [2]
ignored error: Infinite glue shrinkage found in box being split [3]
ignored error: Infinite glue shrinkage found in box being split [4]
ignored error: Infinite glue shrinkage found in box being split [5]
ignored error: Infinite glue shrinkage found in box being split [6]
Overfull \hbox (0.87782pt too wide) in paragraph at lines 522--522
[]|\T1/lmr/bx/n/10 (-20) TELÉFONOS|  
 []


Overfull \hbox (8.84584pt too wide) in paragraph at lines 528--528
[]|\T1/lmr/bx/n/10 (-20) FIRMA|  
 []


Overfull \hbox (55.95863pt too wide) in paragraph at lines 532--532
[]|[]|  
 []


Overfull \hbox (11.26576pt too wide) in paragraph at lines 549--550
\T1/lmr/bx/n/10 (-20) Aplica|  
 []


Overfull \hbox (19.6767pt too wide) in paragraph at lines 579--579
[]|\T1/lmr/bx/n/10 (-20) MODIFICACIONES 
 []


Overfull \hbox (12.65628pt too wide) in paragraph at lines 583--583
[]|\T1/lmr/bx/n/10 (-20) OBSERVACIONES|  
 []


Overfull \hbox (21.22083pt too wide) in paragraph at lines 588--588
[]|\T1/lmr/bx/n/10 (-20) FECHA|  
 []


Package longtable Warning: Column widths have changed
(longtable)                in table 2 on input line 612.

ignored error: Infinite glue shrinkage found in box being split [7]

Package longtable Warning: Table widths have changed. Rerun LaTeX.

[8] (vertopal.com_Modelo Proyecto CEAPUCV vacio.aux)
 ***********
LaTeX2e <2025-11-01>
L3 programming layer <2025-11-06>
 ***********
 ) 
Here is how much of TeX's memory you used:
 12874 strings out of 469808
 200452 string characters out of 5470396
 737662 words of memory out of 5000000
 41321 multiletter control sequences out of 15000+600000
 640202 words of font info for 64 fonts, out of 8000000 for 9000
 0 hyphenation exceptions out of 8191
 83i,8n,93p,1045b,611s stack positions out of 10000i,1000n,20000p,200000b,200000s
</home/emers/.miktex/texmfs/install/fonts/type1/public/lm/lmbx10.pfb></home/e
mers/.miktex/texmfs/install/fonts/type1/public/lm/lmr10.pfb></home/emers/.mikte
x/texmfs/install/fonts/type1/public/lm/lmri10.pfb>
Output written on "vertopal.com_Modelo Proyecto CEAPUCV vacio.pdf" (8 pages, 10
7839 bytes).
PDF statistics:
 69 PDF objects out of 1000 (max. 8388607)
 14 named destinations out of 1000 (max. 500000)
 8193 words of extra memory for PDF output out of 10000 (max. 10000000)

